####### 2022-07-25 10:38:08 #######
$ echo $PWD
/var/www/html
$ whoami
www-data
$ git pull
Already up to date.
$ git status
On branch master
Your branch is up to date with 'origin/master'.

Untracked files:
  (use "git add <file>..." to include in what will be committed)
	deploy.php

nothing added to commit but untracked files present (use "git add" to track)
$ git submodule sync

$ git submodule update

$ git submodule status

$ test -e /usr/share/update-notifier/notify-reboot-required && echo "system restart required"
system restart required

####### 2022-07-25 10:38:20 #######
$ echo $PWD
/var/www/html
$ whoami
www-data
$ git pull
Already up to date.
$ git status
On branch master
Your branch is up to date with 'origin/master'.

Untracked files:
  (use "git add <file>..." to include in what will be committed)
	deploy-log.txt
	deploy.php

nothing added to commit but untracked files present (use "git add" to track)
$ git submodule sync

$ git submodule update

$ git submodule status

$ test -e /usr/share/update-notifier/notify-reboot-required && echo "system restart required"
system restart required

####### 2022-07-25 10:38:52 #######
$ echo $PWD
/var/www/html
$ whoami
www-data
$ git pull
Already up to date.
$ git status
On branch master
Your branch is up to date with 'origin/master'.

Untracked files:
  (use "git add <file>..." to include in what will be committed)
	deploy-log.txt
	deploy.php

nothing added to commit but untracked files present (use "git add" to track)
$ git submodule sync

$ git submodule update

$ git submodule status

$ test -e /usr/share/update-notifier/notify-reboot-required && echo "system restart required"
system restart required

####### 2022-07-25 10:39:02 #######
$ echo $PWD
/var/www/html
$ whoami
www-data
$ git pull
Already up to date.
$ git status
On branch master
Your branch is up to date with 'origin/master'.

Changes to be committed:
  (use "git restore --staged <file>..." to unstage)
	new file:   deploy-log.txt
	new file:   deploy.php
$ git submodule sync

$ git submodule update

$ git submodule status

$ test -e /usr/share/update-notifier/notify-reboot-required && echo "system restart required"
system restart required

####### 2022-07-25 10:39:17 #######
$ echo $PWD
/var/www/html
$ whoami
www-data
$ git pull
Already up to date.
$ git status
On branch master
Your branch is up to date with 'origin/master'.

Changes to be committed:
  (use "git restore --staged <file>..." to unstage)
	new file:   deploy-log.txt
	new file:   deploy.php

Changes not staged for commit:
  (use "git add <file>..." to update what will be committed)
  (use "git restore <file>..." to discard changes in working directory)
	modified:   deploy-log.txt
$ git submodule sync

$ git submodule update

$ git submodule status

$ test -e /usr/share/update-notifier/notify-reboot-required && echo "system restart required"
system restart required

